# Concepts addressed: Directory, Shell, Redirection, Metacharacter

tyroot@JICLaptop:~# type type
type is a shell builtin
root@JICLaptop:~# type ls
ls is aliased to `ls --color=auto'
root@JICLaptop:~# type cp
cp is /usr/bin/cp
root@JICLaptop:~# which ls
/usr/bin/ls
root@JICLaptop:~# type command
command is a shell builtin
root@JICLaptop:~# which cd
root@JICLaptop:~# help cd
cd: cd [-L|[-P [-e]] [-@]] [dir]
    Change the shell working directory.

    Change the current directory to DIR.  The default DIR is the value of the
    HOME shell variable.

    The variable CDPATH defines the search path for the directory containing
    DIR.  Alternative directory names in CDPATH are separated by a colon (:).
    A null directory name is the same as the current directory.  If DIR begins
    with a slash (/), then CDPATH is not used.

    If the directory is not found, and the shell option `cdable_vars' is set,
    the word is assumed to be  a variable name.  If that variable has a value,
    its value is used for DIR.

    Options:
      -L        force symbolic links to be followed: resolve symbolic
                links in DIR after processing instances of `..'
      -P        use the physical directory structure without following
                symbolic links: resolve symbolic links in DIR before
                processing instances of `..'
      -e        if the -P option is supplied, and the current working
                directory cannot be determined successfully, exit with
                a non-zero status
      -@        on systems that support it, present a file with extended
                attributes as a directory containing the file attributes

    The default is to follow symbolic links, as if `-L' were specified.
    `..' is processed by removing the immediately previous pathname component
    back to a slash or the beginning of DIR.

    Exit Status:
    Returns 0 if the directory is changed, and if $PWD is set successfully when
    -P is used; non-zero otherwise.
root@JICLaptop:~# mkdir --help
Usage: mkdir [OPTION]... DIRECTORY...
Create the DIRECTORY(ies), if they do not already exist.

Mandatory arguments to long options are mandatory for short options too.
  -m, --mode=MODE   set file mode (as in chmod), not a=rwx - umask
  -p, --parents     no error if existing, make parent directories as needed
  -v, --verbose     print a message for each created directory
  -Z                   set SELinux security context of each created directory
                         to the default type
      --context[=CTX]  like -Z, or if CTX is specified then set the SELinux
                         or SMACK security context to CTX
      --help     display this help and exit
      --version  output version information and exit

GNU coreutils online help: <https://www.gnu.org/software/coreutils/>
Report any translation bugs to <https://translationproject.org/team/>
Full documentation <https://www.gnu.org/software/coreutils/mkdir>
or available locally via: info '(coreutils) mkdir invocation'
root@JICLaptop:~# man ls
root@JICLaptop:~# man 5 passwd
root@JICLaptop:~# apropos floppy
floppy: nothing appropriate.
root@JICLaptop:~# apropos floppy
floppy: nothing appropriate.
root@JICLaptop:~# whatis ls
ls (1)               - list directory contents
root@JICLaptop:~# info coreutils
root@JICLaptop:~# cd /usr; ls; ce -
bin  games  include  lib  lib32  lib64  libexec  libx32  local  sbin  share  src
ce: command not found
root@JICLaptop:/usr# cd /usr; ls; cd -
bin  games  include  lib  lib32  lib64  libexec  libx32  local  sbin  share  src
/usr
root@JICLaptop:/usr# cd /usr; ls; cd -
bin  games  include  lib  lib32  lib64  libexec  libx32  local  sbin  share  src
/usr
root@JICLaptop:/usr# type test
test is a shell builtin
root@JICLaptop:/usr# type foo
-bash: type: foo: not found
root@JICLaptop:/usr# alias foo='cd /usr; ls; cd -'
root@JICLaptop:/usr# foo
bin  games  include  lib  lib32  lib64  libexec  libx32  local  sbin  share  src
/usr
root@JICLaptop:/usr# type foo
foo is aliased to `cd /usr; ls; cd -'
root@JICLaptop:/usr# unalias foo
root@JICLaptop:/usr# foo
Command 'foo' not found, did you mean:
  command 'roo' from snap roo (2.0.3)
  command 'foot' from deb foot (1.11.0-2)
  command 'fio' from deb fio (3.28-1)
  command 'fop' from deb fop (1:2.6-2)
  command 'fox' from deb objcryst-fox (1.9.6.0-2.2)
  command 'goo' from deb goo (0.155+ds-4)
See 'snap info <snapname>' for additional versions.
root@JICLaptop:/usr# type ls
ls is aliased to `ls --color=auto'
root@JICLaptop:/usr# alias
alias egrep='egrep --color=auto'
alias fgrep='fgrep --color=auto'
alias grep='grep --color=auto'
alias l='ls -CF'
alias la='ls -A'
alias ll='ls -alF'
alias ls='ls --color=auto'
root@JICLaptop:/usr#